// Jest Snapshot v1, https://goo.gl/fbAQLP

exports[`SearchPage renders correctly 1`] = `
<View
  style={
    {
      "backgroundColor": "#1b1b1b",
    }
  }
>
  <View
    style={
      {
        "height": "100%",
        "left": 0,
        "position": "absolute",
        "right": 0,
        "top": 0,
      }
    }
  >
    <Image
      source={1}
      style={
        {
          "opacity": 0.03,
          "resizeMode": "cover",
        }
      }
    />
  </View>
  <RNCSafeAreaView
    edges={
      {
        "bottom": "additive",
        "left": "additive",
        "right": "additive",
        "top": "additive",
      }
    }
    style={
      [
        {
          "borderColor": "#fee2e2",
          "borderTopWidth": 1,
        },
      ]
    }
  >
    <View
      style={
        [
          {
            "height": "100%",
            "paddingLeft": 24,
            "paddingRight": 24,
            "width": "100%",
          },
          [
            {
              "alignItems": "center",
              "display": "flex",
              "flexDirection": "column",
              "justifyContent": "center",
            },
            undefined,
          ],
        ]
      }
    >
      <Text
        style={
          [
            {
              "fontFamily": "Inter_600SemiBold",
            },
            {
              "color": "#FFC93F",
            },
            {
              "fontSize": 20,
              "lineHeight": 28,
            },
            {
              "marginBottom": 24,
            },
          ]
        }
      >
        Tournaments 
        <Text
          style={
            [
              {
                "fontFamily": "Inter_600SemiBold",
              },
              {
                "color": "#fff",
              },
              {
                "fontSize": 20,
                "lineHeight": 28,
              },
              undefined,
            ]
          }
        >
          and
        </Text>
         Players
      </Text>
      <View
        style={
          {
            "height": 96,
            "width": "100%",
          }
        }
      >
        <View
          style={
            [
              {
                "flexDirection": "column",
                "justifyContent": "flex-start",
                "left": 0,
                "marginBottom": 8,
                "position": "absolute",
                "top": 0,
                "width": "100%",
                "zIndex": 10,
              },
            ]
          }
        >
          <ViewManagerAdapter_ExpoLinearGradient
            colors={
              [
                4278979596,
                4279637526,
              ]
            }
            style={
              [
                {
                  "borderColor": "#fff",
                  "borderRadius": 14,
                  "borderWidth": 1,
                  "paddingBottom": 15,
                  "paddingLeft": 18,
                  "paddingRight": 18,
                  "paddingTop": 13,
                },
                false,
              ]
            }
          >
            <View
              style={
                {
                  "alignItems": "center",
                  "flexDirection": "row",
                }
              }
            >
              <RNSVGSvgView
                align="xMidYMid"
                bbHeight="17"
                bbWidth="17"
                fill="none"
                focusable={false}
                height={17}
                meetOrSlice={0}
                minX={0}
                minY={0}
                style={
                  [
                    {
                      "backgroundColor": "transparent",
                      "borderWidth": 0,
                    },
                    {
                      "marginLeft": -2,
                      "marginRight": 8,
                    },
                    {
                      "flex": 0,
                      "height": 17,
                      "width": 17,
                    },
                  ]
                }
                vbHeight={17}
                vbWidth={17}
                width={17}
                xmlns="http://www.w3.org/2000/svg"
              >
                <RNSVGGroup
                  fill={null}
                  propList={
                    [
                      "fill",
                    ]
                  }
                >
                  <RNSVGPath
                    d="M15.3979 15.6851L11.9901 12.2772M11.9901 12.2772C12.573 11.6942 13.0354 11.0022 13.3509 10.2406C13.6664 9.47891 13.8287 8.66259 13.8287 7.8382C13.8287 7.0138 13.6664 6.19748 13.3509 5.43584C13.0354 4.6742 12.573 3.98216 11.9901 3.39923C11.4071 2.81629 10.7151 2.35389 9.95344 2.0384C9.1918 1.72292 8.37548 1.56055 7.55109 1.56055C6.7267 1.56055 5.91038 1.72292 5.14874 2.0384C4.3871 2.35389 3.69505 2.81629 3.11212 3.39923C1.93483 4.57652 1.27344 6.17326 1.27344 7.8382C1.27344 9.50313 1.93483 11.0999 3.11212 12.2772C4.28941 13.4545 5.88615 14.1158 7.55109 14.1158C9.21602 14.1158 10.8128 13.4545 11.9901 12.2772Z"
                    fill={
                      {
                        "payload": 4278190080,
                        "type": 0,
                      }
                    }
                    propList={
                      [
                        "stroke",
                        "strokeWidth",
                        "strokeLinecap",
                        "strokeLinejoin",
                      ]
                    }
                    stroke={
                      {
                        "payload": 4286019447,
                        "type": 0,
                      }
                    }
                    strokeLinecap={1}
                    strokeLinejoin={1}
                    strokeWidth="2"
                  />
                </RNSVGGroup>
              </RNSVGSvgView>
              <TextInput
                autoCapitalize="none"
                autoCorrect={false}
                name="search"
                onBlur={[Function]}
                onChangeText={[Function]}
                onFocus={[Function]}
                placeholder="Search.."
                placeholderTextColor="#6F6F6F"
                style={
                  [
                    {
                      "fontFamily": "Inter_500Medium",
                    },
                    {
                      "color": "#fff",
                      "fontSize": 16,
                      "width": "100%",
                    },
                  ]
                }
              />
            </View>
          </ViewManagerAdapter_ExpoLinearGradient>
        </View>
      </View>
      <View
        style={
          {
            "marginBottom": 56,
            "width": "100%",
          }
        }
      >
        <View
          style={
            {
              "display": "flex",
              "flexDirection": "row",
              "fontSize": 16,
              "justifyContent": "space-between",
              "marginBottom": 20,
              "width": "100%",
            }
          }
        >
          <View
            accessibilityState={
              {
                "busy": undefined,
                "checked": undefined,
                "disabled": undefined,
                "expanded": undefined,
                "selected": undefined,
              }
            }
            accessibilityValue={
              {
                "max": undefined,
                "min": undefined,
                "now": undefined,
                "text": undefined,
              }
            }
            accessible={true}
            collapsable={false}
            focusable={true}
            onBlur={[Function]}
            onClick={[Function]}
            onFocus={[Function]}
            onResponderGrant={[Function]}
            onResponderMove={[Function]}
            onResponderRelease={[Function]}
            onResponderTerminate={[Function]}
            onResponderTerminationRequest={[Function]}
            onStartShouldSetResponder={[Function]}
          >
            <Text
              style={
                [
                  {
                    "fontFamily": "Inter_500Medium",
                  },
                  {
                    "fontSize": 16,
                  },
                  {
                    "color": "#fff",
                  },
                  undefined,
                ]
              }
            >
              Trending
            </Text>
          </View>
          <View
            accessibilityState={
              {
                "busy": undefined,
                "checked": undefined,
                "disabled": undefined,
                "expanded": undefined,
                "selected": undefined,
              }
            }
            accessibilityValue={
              {
                "max": undefined,
                "min": undefined,
                "now": undefined,
                "text": undefined,
              }
            }
            accessible={true}
            collapsable={false}
            focusable={true}
            onBlur={[Function]}
            onClick={[Function]}
            onFocus={[Function]}
            onResponderGrant={[Function]}
            onResponderMove={[Function]}
            onResponderRelease={[Function]}
            onResponderTerminate={[Function]}
            onResponderTerminationRequest={[Function]}
            onStartShouldSetResponder={[Function]}
          >
            <Text
              style={
                [
                  {
                    "fontFamily": "Inter_500Medium",
                  },
                  {
                    "fontSize": 16,
                  },
                  {
                    "color": "#777",
                  },
                  undefined,
                ]
              }
            >
              Favorites
            </Text>
          </View>
        </View>
        <View
          style={
            {
              "display": "flex",
              "flexDirection": "column",
            }
          }
        >
          <View
            style={
              [
                {
                  "marginBottom": 16,
                },
                undefined,
              ]
            }
          >
            <ViewManagerAdapter_ExpoLinearGradient
              colors={
                [
                  4293899034,
                  4294953798,
                ]
              }
              style={
                [
                  {
                    "borderRadius": 14,
                  },
                  {
                    "backgroundColor": "rgba(56, 52, 42, 0.38)",
                  },
                ]
              }
            >
              <View
                accessibilityState={
                  {
                    "busy": undefined,
                    "checked": undefined,
                    "disabled": undefined,
                    "expanded": undefined,
                    "selected": undefined,
                  }
                }
                accessibilityValue={
                  {
                    "max": undefined,
                    "min": undefined,
                    "now": undefined,
                    "text": undefined,
                  }
                }
                accessible={true}
                collapsable={false}
                focusable={true}
                onBlur={[Function]}
                onClick={[Function]}
                onFocus={[Function]}
                onResponderGrant={[Function]}
                onResponderMove={[Function]}
                onResponderRelease={[Function]}
                onResponderTerminate={[Function]}
                onResponderTerminationRequest={[Function]}
                onStartShouldSetResponder={[Function]}
                style={
                  [
                    {
                      "alignItems": "center",
                      "borderRadius": 14,
                      "borderWidth": 2,
                      "color": "#000",
                      "display": "flex",
                      "flexDirection": "row",
                      "justifyContent": "center",
                      "paddingBottom": 15,
                      "paddingLeft": 24,
                      "paddingRight": 24,
                      "paddingTop": 13,
                    },
                    {
                      "borderColor": "#ffd978",
                    },
                    false,
                    false,
                    false,
                    {
                      "flexDirection": "row",
                      "justifyContent": "flex-start",
                      "paddingBottom": 8,
                      "paddingLeft": 8,
                      "paddingRight": 8,
                      "paddingTop": 8,
                    },
                  ]
                }
              >
                <Image
                  src="https://www.bing.com/th?pid=Sgg&qlt=100&u=https%3A%2F%2Fimages.start.gg%2Fimages%2Ftournament%2F592000%2Fimage-8a1565b2f2a3ca019290292afc61d1d0-optimized.jpg&ehk=QrUBZ0NwPixwE1Ebv%2FtiBUmSZWUNt6WjhIO0ON6Xlt0%3D&w=70&r=0"
                  style={
                    {
                      "borderRadius": 6,
                      "height": 36,
                      "marginRight": 8,
                      "width": 36,
                    }
                  }
                />
                <Text
                  style={
                    [
                      {
                        "fontFamily": "Inter_500Medium",
                      },
                      {
                        "fontSize": 16,
                      },
                      {
                        "color": "#000",
                      },
                      undefined,
                    ]
                  }
                >
                  Frosty Faustings XVI 2024
                </Text>
              </View>
            </ViewManagerAdapter_ExpoLinearGradient>
          </View>
          <View
            style={
              [
                {
                  "marginBottom": 16,
                },
                undefined,
              ]
            }
          >
            <ViewManagerAdapter_ExpoLinearGradient
              colors={
                [
                  4293899034,
                  4294953798,
                ]
              }
              style={
                [
                  {
                    "borderRadius": 14,
                  },
                  {
                    "backgroundColor": "rgba(56, 52, 42, 0.38)",
                  },
                ]
              }
            >
              <View
                accessibilityState={
                  {
                    "busy": undefined,
                    "checked": undefined,
                    "disabled": undefined,
                    "expanded": undefined,
                    "selected": undefined,
                  }
                }
                accessibilityValue={
                  {
                    "max": undefined,
                    "min": undefined,
                    "now": undefined,
                    "text": undefined,
                  }
                }
                accessible={true}
                collapsable={false}
                focusable={true}
                onBlur={[Function]}
                onClick={[Function]}
                onFocus={[Function]}
                onResponderGrant={[Function]}
                onResponderMove={[Function]}
                onResponderRelease={[Function]}
                onResponderTerminate={[Function]}
                onResponderTerminationRequest={[Function]}
                onStartShouldSetResponder={[Function]}
                style={
                  [
                    {
                      "alignItems": "center",
                      "borderRadius": 14,
                      "borderWidth": 2,
                      "color": "#000",
                      "display": "flex",
                      "flexDirection": "row",
                      "justifyContent": "center",
                      "paddingBottom": 15,
                      "paddingLeft": 24,
                      "paddingRight": 24,
                      "paddingTop": 13,
                    },
                    {
                      "borderColor": "#ffd978",
                    },
                    false,
                    false,
                    false,
                    {
                      "flexDirection": "row",
                      "justifyContent": "flex-start",
                      "paddingBottom": 8,
                      "paddingLeft": 8,
                      "paddingRight": 8,
                      "paddingTop": 8,
                    },
                  ]
                }
              >
                <Image
                  src="https://www.bing.com/th?pid=Sgg&qlt=100&u=https%3A%2F%2Fimages.start.gg%2Fimages%2Ftournament%2F517161%2Fimage-23d5e280287897018400cb92f524f686-optimized.png&ehk=9SqBHvCIRjjHB3GPMiPodAUVfFG6ySpMFWKmVT5bJNo%3D&w=70&r=0"
                  style={
                    {
                      "borderRadius": 6,
                      "height": 36,
                      "marginRight": 8,
                      "width": 36,
                    }
                  }
                />
                <Text
                  style={
                    [
                      {
                        "fontFamily": "Inter_500Medium",
                      },
                      {
                        "fontSize": 16,
                      },
                      {
                        "color": "#000",
                      },
                      undefined,
                    ]
                  }
                >
                  Genesis X
                </Text>
              </View>
            </ViewManagerAdapter_ExpoLinearGradient>
          </View>
          <View
            style={
              [
                {
                  "marginBottom": 16,
                },
                undefined,
              ]
            }
          >
            <ViewManagerAdapter_ExpoLinearGradient
              colors={
                [
                  4293899034,
                  4294953798,
                ]
              }
              style={
                [
                  {
                    "borderRadius": 14,
                  },
                  {
                    "backgroundColor": "rgba(56, 52, 42, 0.38)",
                  },
                ]
              }
            >
              <View
                accessibilityState={
                  {
                    "busy": undefined,
                    "checked": undefined,
                    "disabled": undefined,
                    "expanded": undefined,
                    "selected": undefined,
                  }
                }
                accessibilityValue={
                  {
                    "max": undefined,
                    "min": undefined,
                    "now": undefined,
                    "text": undefined,
                  }
                }
                accessible={true}
                collapsable={false}
                focusable={true}
                onBlur={[Function]}
                onClick={[Function]}
                onFocus={[Function]}
                onResponderGrant={[Function]}
                onResponderMove={[Function]}
                onResponderRelease={[Function]}
                onResponderTerminate={[Function]}
                onResponderTerminationRequest={[Function]}
                onStartShouldSetResponder={[Function]}
                style={
                  [
                    {
                      "alignItems": "center",
                      "borderRadius": 14,
                      "borderWidth": 2,
                      "color": "#000",
                      "display": "flex",
                      "flexDirection": "row",
                      "justifyContent": "center",
                      "paddingBottom": 15,
                      "paddingLeft": 24,
                      "paddingRight": 24,
                      "paddingTop": 13,
                    },
                    {
                      "borderColor": "#ffd978",
                    },
                    false,
                    false,
                    false,
                    {
                      "flexDirection": "row",
                      "justifyContent": "flex-start",
                      "paddingBottom": 8,
                      "paddingLeft": 8,
                      "paddingRight": 8,
                      "paddingTop": 8,
                    },
                  ]
                }
              >
                <Image
                  src="https://www.bing.com/th?pid=Sgg&qlt=100&u=https%3A%2F%2Fimages.start.gg%2Fimages%2Ftournament%2F594307%2Fimage-22e49604b43c35407e4bd93356db160f-optimized.jpg&ehk=rPlmvU7r1KM1%2FBZE5K%2FkahlgNqFch%2FHVw4WbemoEeA0%3D&w=70&r=0"
                  style={
                    {
                      "borderRadius": 6,
                      "height": 36,
                      "marginRight": 8,
                      "width": 36,
                    }
                  }
                />
                <Text
                  style={
                    [
                      {
                        "fontFamily": "Inter_500Medium",
                      },
                      {
                        "fontSize": 16,
                      },
                      {
                        "color": "#000",
                      },
                      undefined,
                    ]
                  }
                >
                  Midwest Esports Invitational
                </Text>
              </View>
            </ViewManagerAdapter_ExpoLinearGradient>
          </View>
        </View>
      </View>
    </View>
  </RNCSafeAreaView>
</View>
`;
